// Jest Snapshot v1, https://goo.gl/fbAQLP

exports[`<Tile /> tests should render as button with image tile_unrevealed.png 1`] = `
<button
  class="tile"
>
  <img
    alt="Unrevealed"
    src="tile_unrevealed.png"
  />
</button>
`;
